// Jest Snapshot v1, https://goo.gl/fbAQLP

exports[`Loader UI snapshots renders purple 1`] = `
<div
  className="inline-block h-6 w-6 "
>
  <div
    className="inner-loader border-purple-500"
  />
  <div
    className="inner-loader border-purple-500 animation-delay-.5s"
  />
</div>
`;
